To honour the JVM settings for this build a single-use Daemon process will be forked. For more on this, please refer to https://docs.gradle.org/9.5.0/userguide/gradle_daemon.html#sec:disabling_the_daemon in the Gradle documentation.
Daemon will be stopped at the end of the build 

> Configure project :app
WARNING: The option setting 'android.usesSdkInManifest.disallowed=false' is deprecated.
The current default is 'true'.
It will be removed in version 10.0 of the Android Gradle plugin.
Add android.sync.suppressAgpWarnings=UNSUPPORTED_PROJECT_OPTION_USE to the gradle.properties file to suppress this warning.
WARNING: The option setting 'android.sdk.defaultTargetSdkToCompileSdkIfUnset=false' is deprecated.
The current default is 'true'.
It will be removed in version 10.0 of the Android Gradle plugin.
Add android.sync.suppressAgpWarnings=UNSUPPORTED_PROJECT_OPTION_USE to the gradle.properties file to suppress this warning.
WARNING: The option setting 'android.enableAppCompileTimeRClass=false' is deprecated.
The current default is 'true'.
It will be removed in version 10.0 of the Android Gradle plugin.
Add android.sync.suppressAgpWarnings=UNSUPPORTED_PROJECT_OPTION_USE to the gradle.properties file to suppress this warning.
WARNING: The option setting 'android.builtInKotlin=false' is deprecated.
The current default is 'true'.
It will be removed in version 10.0 of the Android Gradle plugin.
Add android.sync.suppressAgpWarnings=UNSUPPORTED_PROJECT_OPTION_USE to the gradle.properties file to suppress this warning.
WARNING: The option setting 'android.newDsl=false' is deprecated.
The current default is 'true'.
It will be removed in version 10.0 of the Android Gradle plugin.
Add android.sync.suppressAgpWarnings=UNSUPPORTED_PROJECT_OPTION_USE to the gradle.properties file to suppress this warning.
WARNING: The option setting 'android.r8.optimizedResourceShrinking=false' is deprecated.
The current default is 'true'.
It will be removed in version 10.0 of the Android Gradle plugin.
Add android.sync.suppressAgpWarnings=UNSUPPORTED_PROJECT_OPTION_USE to the gradle.properties file to suppress this warning.
WARNING: The option setting 'android.defaults.buildfeatures.resvalues=true' is deprecated.
The current default is 'false'.
It will be removed in version 10.0 of the Android Gradle plugin.
Add android.sync.suppressAgpWarnings=UNSUPPORTED_PROJECT_OPTION_USE to the gradle.properties file to suppress this warning.
WARNING: API 'applicationVariants' is obsolete and has been replaced with 'AndroidComponentsExtension'.
It will be removed in version 10.0 of the Android Gradle plugin.
The legacy variant API is disabled by default in AGP 9.0, but can be re-enabled by adding 
    android.newDsl=false
to this project's gradle.properties file.
For more information, see http://developer.android.com/build/r/new-dsl.

To determine what is calling applicationVariants, use -Pandroid.debug.obsoleteApi=true on the command line to display more information.
Add android.sync.suppressAgpWarnings=DEPRECATED_DSL to the gradle.properties file to suppress this warning.
WARNING: API 'testVariants' is obsolete and has been replaced with 'AndroidComponentsExtension'.
It will be removed in version 10.0 of the Android Gradle plugin.
The legacy variant API is disabled by default in AGP 9.0, but can be re-enabled by adding 
    android.newDsl=false
to this project's gradle.properties file.
For more information, see http://developer.android.com/build/r/new-dsl.

To determine what is calling testVariants, use -Pandroid.debug.obsoleteApi=true on the command line to display more information.
Add android.sync.suppressAgpWarnings=DEPRECATED_DSL to the gradle.properties file to suppress this warning.
WARNING: API 'unitTestVariants' is obsolete and has been replaced with 'AndroidComponentsExtension'.
It will be removed in version 10.0 of the Android Gradle plugin.
The legacy variant API is disabled by default in AGP 9.0, but can be re-enabled by adding 
    android.newDsl=false
to this project's gradle.properties file.
For more information, see http://developer.android.com/build/r/new-dsl.

To determine what is calling unitTestVariants, use -Pandroid.debug.obsoleteApi=true on the command line to display more information.
Add android.sync.suppressAgpWarnings=DEPRECATED_DSL to the gradle.properties file to suppress this warning.
w: file:///Users/snedz/missionwinning/apps/android/app/build.gradle.kts:24:1: 'fun Project.android(configure: Action<BaseAppModuleExtension>): Unit' is deprecated. Replaced by com.android.build.api.dsl.ApplicationExtension.
This class is not used for the public extensions in AGP when android.newDsl=true, which is the default in AGP 9.0, and will be removed in AGP 10.0.
w: file:///Users/snedz/missionwinning/apps/android/app/build.gradle.kts:99:5: 'fun BaseAppModuleExtension.kotlinOptions(configure: Action<DeprecatedKotlinJvmOptions>): Unit' is deprecated. Please migrate to the compilerOptions DSL. More details are here: https://kotl.in/u1r8ln.
w: file:///Users/snedz/missionwinning/apps/android/app/build.gradle.kts:99:21: 'var jvmTarget: String' is deprecated. Please migrate to the compilerOptions DSL. More details are here: https://kotl.in/u1r8ln.
This version of the Baseline Profile Gradle Plugin was tested with versions below Android
Gradle Plugin version Android Gradle Plugin version 9.0.0-alpha01 and it may not work as intended.
Current version is Android Gradle Plugin version 9.3.0.

This warning can be disabled setting the following property:
baselineProfile {
    warnings {
        maxAgpVersion = false
    }
}
WARNING: The property android.dependency.excludeLibraryComponentsFromConstraints improves project import performance for very large projects. It should be enabled to improve performance.
To suppress this warning, add android.generateSyncIssueWhenLibraryConstraintsAreEnabled=false to gradle.properties
Add android.sync.suppressAgpWarnings=LIBRARY_CONSTRAINTS_SHOULD_BE_DISABLED to the gradle.properties file to suppress this warning.
WARNING: The property android.dependency.excludeLibraryComponentsFromConstraints improves project import performance for very large projects. It should be enabled to improve performance.
To suppress this warning, add android.generateSyncIssueWhenLibraryConstraintsAreEnabled=false to gradle.properties
Add android.sync.suppressAgpWarnings=LIBRARY_CONSTRAINTS_SHOULD_BE_DISABLED to the gradle.properties file to suppress this warning.
WARNING: The property android.dependency.excludeLibraryComponentsFromConstraints improves project import performance for very large projects. It should be enabled to improve performance.
To suppress this warning, add android.generateSyncIssueWhenLibraryConstraintsAreEnabled=false to gradle.properties
Add android.sync.suppressAgpWarnings=LIBRARY_CONSTRAINTS_SHOULD_BE_DISABLED to the gradle.properties file to suppress this warning.
WARNING: The property android.dependency.excludeLibraryComponentsFromConstraints improves project import performance for very large projects. It should be enabled to improve performance.
To suppress this warning, add android.generateSyncIssueWhenLibraryConstraintsAreEnabled=false to gradle.properties
Add android.sync.suppressAgpWarnings=LIBRARY_CONSTRAINTS_SHOULD_BE_DISABLED to the gradle.properties file to suppress this warning.
WARNING: The property android.dependency.excludeLibraryComponentsFromConstraints improves project import performance for very large projects. It should be enabled to improve performance.
To suppress this warning, add android.generateSyncIssueWhenLibraryConstraintsAreEnabled=false to gradle.properties
Add android.sync.suppressAgpWarnings=LIBRARY_CONSTRAINTS_SHOULD_BE_DISABLED to the gradle.properties file to suppress this warning.
WARNING: The property android.dependency.excludeLibraryComponentsFromConstraints improves project import performance for very large projects. It should be enabled to improve performance.
To suppress this warning, add android.generateSyncIssueWhenLibraryConstraintsAreEnabled=false to gradle.properties
Add android.sync.suppressAgpWarnings=LIBRARY_CONSTRAINTS_SHOULD_BE_DISABLED to the gradle.properties file to suppress this warning.

> Configure project :benchmark
WARNING: The property android.dependency.excludeLibraryComponentsFromConstraints improves project import performance for very large projects. It should be enabled to improve performance.
To suppress this warning, add android.generateSyncIssueWhenLibraryConstraintsAreEnabled=false to gradle.properties
Add android.sync.suppressAgpWarnings=LIBRARY_CONSTRAINTS_SHOULD_BE_DISABLED to the gradle.properties file to suppress this warning.
WARNING: The property android.dependency.excludeLibraryComponentsFromConstraints improves project import performance for very large projects. It should be enabled to improve performance.
To suppress this warning, add android.generateSyncIssueWhenLibraryConstraintsAreEnabled=false to gradle.properties
Add android.sync.suppressAgpWarnings=LIBRARY_CONSTRAINTS_SHOULD_BE_DISABLED to the gradle.properties file to suppress this warning.

> Configure project :wear
WARNING: The property android.dependency.excludeLibraryComponentsFromConstraints improves project import performance for very large projects. It should be enabled to improve performance.
To suppress this warning, add android.generateSyncIssueWhenLibraryConstraintsAreEnabled=false to gradle.properties
Add android.sync.suppressAgpWarnings=LIBRARY_CONSTRAINTS_SHOULD_BE_DISABLED to the gradle.properties file to suppress this warning.
WARNING: The property android.dependency.excludeLibraryComponentsFromConstraints improves project import performance for very large projects. It should be enabled to improve performance.
To suppress this warning, add android.generateSyncIssueWhenLibraryConstraintsAreEnabled=false to gradle.properties
Add android.sync.suppressAgpWarnings=LIBRARY_CONSTRAINTS_SHOULD_BE_DISABLED to the gradle.properties file to suppress this warning.
WARNING: The property android.dependency.excludeLibraryComponentsFromConstraints improves project import performance for very large projects. It should be enabled to improve performance.
To suppress this warning, add android.generateSyncIssueWhenLibraryConstraintsAreEnabled=false to gradle.properties
Add android.sync.suppressAgpWarnings=LIBRARY_CONSTRAINTS_SHOULD_BE_DISABLED to the gradle.properties file to suppress this warning.
WARNING: The property android.dependency.excludeLibraryComponentsFromConstraints improves project import performance for very large projects. It should be enabled to improve performance.
To suppress this warning, add android.generateSyncIssueWhenLibraryConstraintsAreEnabled=false to gradle.properties
Add android.sync.suppressAgpWarnings=LIBRARY_CONSTRAINTS_SHOULD_BE_DISABLED to the gradle.properties file to suppress this warning.

> Configure project :core:common
WARNING: API 'libraryVariants' is obsolete and has been replaced with 'AndroidComponentsExtension'.
It will be removed in version 10.0 of the Android Gradle plugin.
The legacy variant API is disabled by default in AGP 9.0, but can be re-enabled by adding 
    android.newDsl=false
to this project's gradle.properties file.
For more information, see http://developer.android.com/build/r/new-dsl.

To determine what is calling libraryVariants, use -Pandroid.debug.obsoleteApi=true on the command line to display more information.
Add android.sync.suppressAgpWarnings=DEPRECATED_DSL to the gradle.properties file to suppress this warning.
WARNING: The property android.dependency.excludeLibraryComponentsFromConstraints improves project import performance for very large projects. It should be enabled to improve performance.
To suppress this warning, add android.generateSyncIssueWhenLibraryConstraintsAreEnabled=false to gradle.properties
Add android.sync.suppressAgpWarnings=LIBRARY_CONSTRAINTS_SHOULD_BE_DISABLED to the gradle.properties file to suppress this warning.
WARNING: The property android.dependency.excludeLibraryComponentsFromConstraints improves project import performance for very large projects. It should be enabled to improve performance.
To suppress this warning, add android.generateSyncIssueWhenLibraryConstraintsAreEnabled=false to gradle.properties
Add android.sync.suppressAgpWarnings=LIBRARY_CONSTRAINTS_SHOULD_BE_DISABLED to the gradle.properties file to suppress this warning.
WARNING: The property android.dependency.excludeLibraryComponentsFromConstraints improves project import performance for very large projects. It should be enabled to improve performance.
To suppress this warning, add android.generateSyncIssueWhenLibraryConstraintsAreEnabled=false to gradle.properties
Add android.sync.suppressAgpWarnings=LIBRARY_CONSTRAINTS_SHOULD_BE_DISABLED to the gradle.properties file to suppress this warning.
WARNING: The property android.dependency.excludeLibraryComponentsFromConstraints improves project import performance for very large projects. It should be enabled to improve performance.
To suppress this warning, add android.generateSyncIssueWhenLibraryConstraintsAreEnabled=false to gradle.properties
Add android.sync.suppressAgpWarnings=LIBRARY_CONSTRAINTS_SHOULD_BE_DISABLED to the gradle.properties file to suppress this warning.

> Configure project :core:data
WARNING: The property android.dependency.excludeLibraryComponentsFromConstraints improves project import performance for very large projects. It should be enabled to improve performance.
To suppress this warning, add android.generateSyncIssueWhenLibraryConstraintsAreEnabled=false to gradle.properties
Add android.sync.suppressAgpWarnings=LIBRARY_CONSTRAINTS_SHOULD_BE_DISABLED to the gradle.properties file to suppress this warning.
WARNING: The property android.dependency.excludeLibraryComponentsFromConstraints improves project import performance for very large projects. It should be enabled to improve performance.
To suppress this warning, add android.generateSyncIssueWhenLibraryConstraintsAreEnabled=false to gradle.properties
Add android.sync.suppressAgpWarnings=LIBRARY_CONSTRAINTS_SHOULD_BE_DISABLED to the gradle.properties file to suppress this warning.
WARNING: The property android.dependency.excludeLibraryComponentsFromConstraints improves project import performance for very large projects. It should be enabled to improve performance.
To suppress this warning, add android.generateSyncIssueWhenLibraryConstraintsAreEnabled=false to gradle.properties
Add android.sync.suppressAgpWarnings=LIBRARY_CONSTRAINTS_SHOULD_BE_DISABLED to the gradle.properties file to suppress this warning.
WARNING: The property android.dependency.excludeLibraryComponentsFromConstraints improves project import performance for very large projects. It should be enabled to improve performance.
To suppress this warning, add android.generateSyncIssueWhenLibraryConstraintsAreEnabled=false to gradle.properties
Add android.sync.suppressAgpWarnings=LIBRARY_CONSTRAINTS_SHOULD_BE_DISABLED to the gradle.properties file to suppress this warning.

> Configure project :core:designsystem
WARNING: The property android.dependency.excludeLibraryComponentsFromConstraints improves project import performance for very large projects. It should be enabled to improve performance.
To suppress this warning, add android.generateSyncIssueWhenLibraryConstraintsAreEnabled=false to gradle.properties
Add android.sync.suppressAgpWarnings=LIBRARY_CONSTRAINTS_SHOULD_BE_DISABLED to the gradle.properties file to suppress this warning.
WARNING: The property android.dependency.excludeLibraryComponentsFromConstraints improves project import performance for very large projects. It should be enabled to improve performance.
To suppress this warning, add android.generateSyncIssueWhenLibraryConstraintsAreEnabled=false to gradle.properties
Add android.sync.suppressAgpWarnings=LIBRARY_CONSTRAINTS_SHOULD_BE_DISABLED to the gradle.properties file to suppress this warning.
WARNING: The property android.dependency.excludeLibraryComponentsFromConstraints improves project import performance for very large projects. It should be enabled to improve performance.
To suppress this warning, add android.generateSyncIssueWhenLibraryConstraintsAreEnabled=false to gradle.properties
Add android.sync.suppressAgpWarnings=LIBRARY_CONSTRAINTS_SHOULD_BE_DISABLED to the gradle.properties file to suppress this warning.
WARNING: The property android.dependency.excludeLibraryComponentsFromConstraints improves project import performance for very large projects. It should be enabled to improve performance.
To suppress this warning, add android.generateSyncIssueWhenLibraryConstraintsAreEnabled=false to gradle.properties
Add android.sync.suppressAgpWarnings=LIBRARY_CONSTRAINTS_SHOULD_BE_DISABLED to the gradle.properties file to suppress this warning.

> Configure project :core:model
WARNING: The property android.dependency.excludeLibraryComponentsFromConstraints improves project import performance for very large projects. It should be enabled to improve performance.
To suppress this warning, add android.generateSyncIssueWhenLibraryConstraintsAreEnabled=false to gradle.properties
Add android.sync.suppressAgpWarnings=LIBRARY_CONSTRAINTS_SHOULD_BE_DISABLED to the gradle.properties file to suppress this warning.
WARNING: The property android.dependency.excludeLibraryComponentsFromConstraints improves project import performance for very large projects. It should be enabled to improve performance.
To suppress this warning, add android.generateSyncIssueWhenLibraryConstraintsAreEnabled=false to gradle.properties
Add android.sync.suppressAgpWarnings=LIBRARY_CONSTRAINTS_SHOULD_BE_DISABLED to the gradle.properties file to suppress this warning.
WARNING: The property android.dependency.excludeLibraryComponentsFromConstraints improves project import performance for very large projects. It should be enabled to improve performance.
To suppress this warning, add android.generateSyncIssueWhenLibraryConstraintsAreEnabled=false to gradle.properties
Add android.sync.suppressAgpWarnings=LIBRARY_CONSTRAINTS_SHOULD_BE_DISABLED to the gradle.properties file to suppress this warning.
WARNING: The property android.dependency.excludeLibraryComponentsFromConstraints improves project import performance for very large projects. It should be enabled to improve performance.
To suppress this warning, add android.generateSyncIssueWhenLibraryConstraintsAreEnabled=false to gradle.properties
Add android.sync.suppressAgpWarnings=LIBRARY_CONSTRAINTS_SHOULD_BE_DISABLED to the gradle.properties file to suppress this warning.

> Configure project :core:network
WARNING: The property android.dependency.excludeLibraryComponentsFromConstraints improves project import performance for very large projects. It should be enabled to improve performance.
To suppress this warning, add android.generateSyncIssueWhenLibraryConstraintsAreEnabled=false to gradle.properties
Add android.sync.suppressAgpWarnings=LIBRARY_CONSTRAINTS_SHOULD_BE_DISABLED to the gradle.properties file to suppress this warning.
WARNING: The property android.dependency.excludeLibraryComponentsFromConstraints improves project import performance for very large projects. It should be enabled to improve performance.
To suppress this warning, add android.generateSyncIssueWhenLibraryConstraintsAreEnabled=false to gradle.properties
Add android.sync.suppressAgpWarnings=LIBRARY_CONSTRAINTS_SHOULD_BE_DISABLED to the gradle.properties file to suppress this warning.
WARNING: The property android.dependency.excludeLibraryComponentsFromConstraints improves project import performance for very large projects. It should be enabled to improve performance.
To suppress this warning, add android.generateSyncIssueWhenLibraryConstraintsAreEnabled=false to gradle.properties
Add android.sync.suppressAgpWarnings=LIBRARY_CONSTRAINTS_SHOULD_BE_DISABLED to the gradle.properties file to suppress this warning.
WARNING: The property android.dependency.excludeLibraryComponentsFromConstraints improves project import performance for very large projects. It should be enabled to improve performance.
To suppress this warning, add android.generateSyncIssueWhenLibraryConstraintsAreEnabled=false to gradle.properties
Add android.sync.suppressAgpWarnings=LIBRARY_CONSTRAINTS_SHOULD_BE_DISABLED to the gradle.properties file to suppress this warning.

> Configure project :feature:active
WARNING: The property android.dependency.excludeLibraryComponentsFromConstraints improves project import performance for very large projects. It should be enabled to improve performance.
To suppress this warning, add android.generateSyncIssueWhenLibraryConstraintsAreEnabled=false to gradle.properties
Add android.sync.suppressAgpWarnings=LIBRARY_CONSTRAINTS_SHOULD_BE_DISABLED to the gradle.properties file to suppress this warning.
WARNING: The property android.dependency.excludeLibraryComponentsFromConstraints improves project import performance for very large projects. It should be enabled to improve performance.
To suppress this warning, add android.generateSyncIssueWhenLibraryConstraintsAreEnabled=false to gradle.properties
Add android.sync.suppressAgpWarnings=LIBRARY_CONSTRAINTS_SHOULD_BE_DISABLED to the gradle.properties file to suppress this warning.
WARNING: The property android.dependency.excludeLibraryComponentsFromConstraints improves project import performance for very large projects. It should be enabled to improve performance.
To suppress this warning, add android.generateSyncIssueWhenLibraryConstraintsAreEnabled=false to gradle.properties
Add android.sync.suppressAgpWarnings=LIBRARY_CONSTRAINTS_SHOULD_BE_DISABLED to the gradle.properties file to suppress this warning.
WARNING: The property android.dependency.excludeLibraryComponentsFromConstraints improves project import performance for very large projects. It should be enabled to improve performance.
To suppress this warning, add android.generateSyncIssueWhenLibraryConstraintsAreEnabled=false to gradle.properties
Add android.sync.suppressAgpWarnings=LIBRARY_CONSTRAINTS_SHOULD_BE_DISABLED to the gradle.properties file to suppress this warning.

> Configure project :feature:auth
WARNING: The property android.dependency.excludeLibraryComponentsFromConstraints improves project import performance for very large projects. It should be enabled to improve performance.
To suppress this warning, add android.generateSyncIssueWhenLibraryConstraintsAreEnabled=false to gradle.properties
Add android.sync.suppressAgpWarnings=LIBRARY_CONSTRAINTS_SHOULD_BE_DISABLED to the gradle.properties file to suppress this warning.
WARNING: The property android.dependency.excludeLibraryComponentsFromConstraints improves project import performance for very large projects. It should be enabled to improve performance.
To suppress this warning, add android.generateSyncIssueWhenLibraryConstraintsAreEnabled=false to gradle.properties
Add android.sync.suppressAgpWarnings=LIBRARY_CONSTRAINTS_SHOULD_BE_DISABLED to the gradle.properties file to suppress this warning.
WARNING: The property android.dependency.excludeLibraryComponentsFromConstraints improves project import performance for very large projects. It should be enabled to improve performance.
To suppress this warning, add android.generateSyncIssueWhenLibraryConstraintsAreEnabled=false to gradle.properties
Add android.sync.suppressAgpWarnings=LIBRARY_CONSTRAINTS_SHOULD_BE_DISABLED to the gradle.properties file to suppress this warning.
WARNING: The property android.dependency.excludeLibraryComponentsFromConstraints improves project import performance for very large projects. It should be enabled to improve performance.
To suppress this warning, add android.generateSyncIssueWhenLibraryConstraintsAreEnabled=false to gradle.properties
Add android.sync.suppressAgpWarnings=LIBRARY_CONSTRAINTS_SHOULD_BE_DISABLED to the gradle.properties file to suppress this warning.

> Configure project :feature:coach
WARNING: The property android.dependency.excludeLibraryComponentsFromConstraints improves project import performance for very large projects. It should be enabled to improve performance.
To suppress this warning, add android.generateSyncIssueWhenLibraryConstraintsAreEnabled=false to gradle.properties
Add android.sync.suppressAgpWarnings=LIBRARY_CONSTRAINTS_SHOULD_BE_DISABLED to the gradle.properties file to suppress this warning.
WARNING: The property android.dependency.excludeLibraryComponentsFromConstraints improves project import performance for very large projects. It should be enabled to improve performance.
To suppress this warning, add android.generateSyncIssueWhenLibraryConstraintsAreEnabled=false to gradle.properties
Add android.sync.suppressAgpWarnings=LIBRARY_CONSTRAINTS_SHOULD_BE_DISABLED to the gradle.properties file to suppress this warning.
WARNING: The property android.dependency.excludeLibraryComponentsFromConstraints improves project import performance for very large projects. It should be enabled to improve performance.
To suppress this warning, add android.generateSyncIssueWhenLibraryConstraintsAreEnabled=false to gradle.properties
Add android.sync.suppressAgpWarnings=LIBRARY_CONSTRAINTS_SHOULD_BE_DISABLED to the gradle.properties file to suppress this warning.
WARNING: The property android.dependency.excludeLibraryComponentsFromConstraints improves project import performance for very large projects. It should be enabled to improve performance.
To suppress this warning, add android.generateSyncIssueWhenLibraryConstraintsAreEnabled=false to gradle.properties
Add android.sync.suppressAgpWarnings=LIBRARY_CONSTRAINTS_SHOULD_BE_DISABLED to the gradle.properties file to suppress this warning.

> Configure project :feature:iday
WARNING: The property android.dependency.excludeLibraryComponentsFromConstraints improves project import performance for very large projects. It should be enabled to improve performance.
To suppress this warning, add android.generateSyncIssueWhenLibraryConstraintsAreEnabled=false to gradle.properties
Add android.sync.suppressAgpWarnings=LIBRARY_CONSTRAINTS_SHOULD_BE_DISABLED to the gradle.properties file to suppress this warning.
WARNING: The property android.dependency.excludeLibraryComponentsFromConstraints improves project import performance for very large projects. It should be enabled to improve performance.
To suppress this warning, add android.generateSyncIssueWhenLibraryConstraintsAreEnabled=false to gradle.properties
Add android.sync.suppressAgpWarnings=LIBRARY_CONSTRAINTS_SHOULD_BE_DISABLED to the gradle.properties file to suppress this warning.
WARNING: The property android.dependency.excludeLibraryComponentsFromConstraints improves project import performance for very large projects. It should be enabled to improve performance.
To suppress this warning, add android.generateSyncIssueWhenLibraryConstraintsAreEnabled=false to gradle.properties
Add android.sync.suppressAgpWarnings=LIBRARY_CONSTRAINTS_SHOULD_BE_DISABLED to the gradle.properties file to suppress this warning.
WARNING: The property android.dependency.excludeLibraryComponentsFromConstraints improves project import performance for very large projects. It should be enabled to improve performance.
To suppress this warning, add android.generateSyncIssueWhenLibraryConstraintsAreEnabled=false to gradle.properties
Add android.sync.suppressAgpWarnings=LIBRARY_CONSTRAINTS_SHOULD_BE_DISABLED to the gradle.properties file to suppress this warning.

> Configure project :feature:today
WARNING: The property android.dependency.excludeLibraryComponentsFromConstraints improves project import performance for very large projects. It should be enabled to improve performance.
To suppress this warning, add android.generateSyncIssueWhenLibraryConstraintsAreEnabled=false to gradle.properties
Add android.sync.suppressAgpWarnings=LIBRARY_CONSTRAINTS_SHOULD_BE_DISABLED to the gradle.properties file to suppress this warning.
WARNING: The property android.dependency.excludeLibraryComponentsFromConstraints improves project import performance for very large projects. It should be enabled to improve performance.
To suppress this warning, add android.generateSyncIssueWhenLibraryConstraintsAreEnabled=false to gradle.properties
Add android.sync.suppressAgpWarnings=LIBRARY_CONSTRAINTS_SHOULD_BE_DISABLED to the gradle.properties file to suppress this warning.
WARNING: The property android.dependency.excludeLibraryComponentsFromConstraints improves project import performance for very large projects. It should be enabled to improve performance.
To suppress this warning, add android.generateSyncIssueWhenLibraryConstraintsAreEnabled=false to gradle.properties
Add android.sync.suppressAgpWarnings=LIBRARY_CONSTRAINTS_SHOULD_BE_DISABLED to the gradle.properties file to suppress this warning.
WARNING: The property android.dependency.excludeLibraryComponentsFromConstraints improves project import performance for very large projects. It should be enabled to improve performance.
To suppress this warning, add android.generateSyncIssueWhenLibraryConstraintsAreEnabled=false to gradle.properties
Add android.sync.suppressAgpWarnings=LIBRARY_CONSTRAINTS_SHOULD_BE_DISABLED to the gradle.properties file to suppress this warning.

> Configure project :feature:victory
WARNING: The property android.dependency.excludeLibraryComponentsFromConstraints improves project import performance for very large projects. It should be enabled to improve performance.
To suppress this warning, add android.generateSyncIssueWhenLibraryConstraintsAreEnabled=false to gradle.properties
Add android.sync.suppressAgpWarnings=LIBRARY_CONSTRAINTS_SHOULD_BE_DISABLED to the gradle.properties file to suppress this warning.
WARNING: The property android.dependency.excludeLibraryComponentsFromConstraints improves project import performance for very large projects. It should be enabled to improve performance.
To suppress this warning, add android.generateSyncIssueWhenLibraryConstraintsAreEnabled=false to gradle.properties
Add android.sync.suppressAgpWarnings=LIBRARY_CONSTRAINTS_SHOULD_BE_DISABLED to the gradle.properties file to suppress this warning.
WARNING: The property android.dependency.excludeLibraryComponentsFromConstraints improves project import performance for very large projects. It should be enabled to improve performance.
To suppress this warning, add android.generateSyncIssueWhenLibraryConstraintsAreEnabled=false to gradle.properties
Add android.sync.suppressAgpWarnings=LIBRARY_CONSTRAINTS_SHOULD_BE_DISABLED to the gradle.properties file to suppress this warning.
WARNING: The property android.dependency.excludeLibraryComponentsFromConstraints improves project import performance for very large projects. It should be enabled to improve performance.
To suppress this warning, add android.generateSyncIssueWhenLibraryConstraintsAreEnabled=false to gradle.properties
Add android.sync.suppressAgpWarnings=LIBRARY_CONSTRAINTS_SHOULD_BE_DISABLED to the gradle.properties file to suppress this warning.
Observed package id 'build-tools;36.1.0' in inconsistent location '/Users/snedz/Library/Android/sdk/build-tools/36.0.0' (Expected '/Users/snedz/Library/Android/sdk/build-tools/36.1.0')
Observed package id 'build-tools;36.0.0' in inconsistent location '/Users/snedz/Library/Android/sdk/build-tools/36.0.0-2' (Expected '/Users/snedz/Library/Android/sdk/build-tools/36.0.0')
Observed package id 'cmdline-tools;latest' in inconsistent location '/Users/snedz/Library/Android/sdk/cmdline-tools/latest-2' (Expected '/Users/snedz/Library/Android/sdk/cmdline-tools/latest')

> Task :app:preBuild UP-TO-DATE
> Task :app:preDebugBuild UP-TO-DATE
> Task :app:checkKotlinGradlePluginConfigurationErrors SKIPPED
> Task :app:generateDebugBuildConfig
> Task :core:common:preBuild UP-TO-DATE
> Task :core:common:preDebugBuild UP-TO-DATE
> Task :core:common:writeDebugAarMetadata UP-TO-DATE
> Task :core:data:preBuild UP-TO-DATE
> Task :core:data:preDebugBuild UP-TO-DATE
> Task :core:data:writeDebugAarMetadata UP-TO-DATE
> Task :core:designsystem:preBuild UP-TO-DATE
> Task :core:designsystem:preDebugBuild UP-TO-DATE
> Task :core:designsystem:writeDebugAarMetadata UP-TO-DATE
> Task :core:model:preBuild UP-TO-DATE
> Task :core:model:preDebugBuild UP-TO-DATE
> Task :core:model:writeDebugAarMetadata UP-TO-DATE
> Task :core:network:preBuild UP-TO-DATE
> Task :core:network:preDebugBuild UP-TO-DATE
> Task :core:network:writeDebugAarMetadata UP-TO-DATE
> Task :feature:active:preBuild UP-TO-DATE
> Task :feature:active:preDebugBuild UP-TO-DATE
> Task :feature:active:writeDebugAarMetadata UP-TO-DATE
> Task :feature:auth:preBuild UP-TO-DATE
> Task :feature:auth:preDebugBuild UP-TO-DATE
> Task :feature:auth:writeDebugAarMetadata UP-TO-DATE
> Task :feature:coach:preBuild UP-TO-DATE
> Task :feature:coach:preDebugBuild UP-TO-DATE
> Task :feature:coach:writeDebugAarMetadata UP-TO-DATE
> Task :feature:iday:preBuild UP-TO-DATE
> Task :feature:iday:preDebugBuild UP-TO-DATE
> Task :feature:iday:writeDebugAarMetadata UP-TO-DATE
> Task :feature:today:preBuild UP-TO-DATE
> Task :feature:today:preDebugBuild UP-TO-DATE
> Task :feature:today:writeDebugAarMetadata UP-TO-DATE
> Task :feature:victory:preBuild UP-TO-DATE
> Task :feature:victory:preDebugBuild UP-TO-DATE
> Task :feature:victory:writeDebugAarMetadata UP-TO-DATE
> Task :app:generateDebugResValues UP-TO-DATE
> Task :app:mapDebugSourceSetPaths
> Task :core:common:processDebugNavigationResources UP-TO-DATE
> Task :app:checkDebugAarMetadata
> Task :core:data:processDebugNavigationResources UP-TO-DATE
> Task :core:designsystem:processDebugNavigationResources UP-TO-DATE
> Task :core:model:processDebugNavigationResources UP-TO-DATE
> Task :core:network:processDebugNavigationResources UP-TO-DATE
> Task :feature:active:processDebugNavigationResources UP-TO-DATE
> Task :feature:auth:processDebugNavigationResources UP-TO-DATE
> Task :feature:coach:processDebugNavigationResources UP-TO-DATE
> Task :feature:iday:processDebugNavigationResources UP-TO-DATE
> Task :feature:today:processDebugNavigationResources UP-TO-DATE
> Task :feature:victory:processDebugNavigationResources UP-TO-DATE
> Task :app:processDebugNavigationResources UP-TO-DATE
> Task :app:generateDebugResources
> Task :app:compileDebugNavigationResources
> Task :core:common:generateDebugResValues UP-TO-DATE
> Task :core:common:generateDebugResources UP-TO-DATE
> Task :core:common:packageDebugResources UP-TO-DATE
> Task :core:data:generateDebugResValues UP-TO-DATE
> Task :core:data:generateDebugResources UP-TO-DATE
> Task :core:data:packageDebugResources UP-TO-DATE
> Task :core:designsystem:generateDebugResValues UP-TO-DATE
> Task :core:designsystem:generateDebugResources UP-TO-DATE
> Task :core:designsystem:packageDebugResources UP-TO-DATE
> Task :core:model:generateDebugResValues UP-TO-DATE
> Task :core:model:generateDebugResources UP-TO-DATE
> Task :core:model:packageDebugResources UP-TO-DATE
> Task :core:network:generateDebugResValues UP-TO-DATE
> Task :core:network:generateDebugResources UP-TO-DATE
> Task :core:network:packageDebugResources UP-TO-DATE
> Task :feature:active:generateDebugResValues UP-TO-DATE
> Task :feature:active:generateDebugResources UP-TO-DATE
> Task :feature:active:packageDebugResources UP-TO-DATE
> Task :feature:auth:generateDebugResValues UP-TO-DATE
> Task :feature:auth:generateDebugResources UP-TO-DATE
> Task :feature:auth:packageDebugResources UP-TO-DATE
> Task :feature:coach:generateDebugResValues UP-TO-DATE
> Task :feature:coach:generateDebugResources UP-TO-DATE
> Task :feature:coach:packageDebugResources UP-TO-DATE
> Task :feature:iday:generateDebugResValues UP-TO-DATE
> Task :feature:iday:generateDebugResources UP-TO-DATE
> Task :feature:iday:packageDebugResources UP-TO-DATE
> Task :feature:today:generateDebugResValues UP-TO-DATE
> Task :feature:today:generateDebugResources UP-TO-DATE
> Task :feature:today:packageDebugResources UP-TO-DATE
> Task :feature:victory:generateDebugResValues UP-TO-DATE
> Task :feature:victory:generateDebugResources UP-TO-DATE
> Task :feature:victory:packageDebugResources UP-TO-DATE
> Task :app:packageDebugResources
> Task :app:createDebugCompatibleScreenManifests
> Task :app:extractDeepLinksDebug
> Task :core:common:extractDeepLinksDebug UP-TO-DATE
> Task :core:common:processDebugManifest UP-TO-DATE
> Task :core:data:extractDeepLinksDebug UP-TO-DATE
> Task :core:data:processDebugManifest UP-TO-DATE
> Task :core:designsystem:extractDeepLinksDebug UP-TO-DATE
> Task :app:mergeDebugResources
> Task :core:designsystem:processDebugManifest UP-TO-DATE
> Task :core:model:extractDeepLinksDebug UP-TO-DATE
> Task :core:model:processDebugManifest UP-TO-DATE
> Task :core:network:extractDeepLinksDebug UP-TO-DATE
> Task :core:network:processDebugManifest UP-TO-DATE
> Task :feature:active:extractDeepLinksDebug UP-TO-DATE
> Task :feature:active:processDebugManifest UP-TO-DATE
> Task :feature:auth:extractDeepLinksDebug UP-TO-DATE
> Task :feature:auth:processDebugManifest UP-TO-DATE
> Task :feature:coach:extractDeepLinksDebug UP-TO-DATE
> Task :feature:coach:processDebugManifest UP-TO-DATE
> Task :feature:iday:extractDeepLinksDebug UP-TO-DATE
> Task :feature:iday:processDebugManifest UP-TO-DATE
> Task :feature:today:extractDeepLinksDebug UP-TO-DATE
> Task :feature:today:processDebugManifest UP-TO-DATE
> Task :feature:victory:extractDeepLinksDebug UP-TO-DATE
> Task :feature:victory:processDebugManifest UP-TO-DATE
> Task :app:parseDebugLocalResources
> Task :app:processDebugMainManifest
> Task :app:processDebugManifest
> Task :core:common:mapDebugSourceSetPaths UP-TO-DATE
> Task :core:common:compileDebugLibraryResources UP-TO-DATE
> Task :core:common:parseDebugLocalResources UP-TO-DATE
> Task :core:common:generateDebugRFile UP-TO-DATE
> Task :core:data:mapDebugSourceSetPaths UP-TO-DATE
> Task :core:data:compileDebugLibraryResources UP-TO-DATE
> Task :core:data:parseDebugLocalResources UP-TO-DATE
> Task :core:data:generateDebugRFile UP-TO-DATE
> Task :core:designsystem:mapDebugSourceSetPaths UP-TO-DATE
> Task :core:designsystem:compileDebugLibraryResources UP-TO-DATE
> Task :core:designsystem:parseDebugLocalResources UP-TO-DATE
> Task :core:designsystem:generateDebugRFile UP-TO-DATE
> Task :core:model:mapDebugSourceSetPaths UP-TO-DATE
> Task :core:model:compileDebugLibraryResources UP-TO-DATE
> Task :core:model:parseDebugLocalResources UP-TO-DATE
> Task :core:model:generateDebugRFile UP-TO-DATE
> Task :core:network:mapDebugSourceSetPaths UP-TO-DATE
> Task :core:network:compileDebugLibraryResources UP-TO-DATE
> Task :core:network:parseDebugLocalResources UP-TO-DATE
> Task :core:network:generateDebugRFile UP-TO-DATE
> Task :feature:active:mapDebugSourceSetPaths UP-TO-DATE
> Task :feature:active:compileDebugLibraryResources UP-TO-DATE
> Task :feature:active:parseDebugLocalResources UP-TO-DATE
> Task :feature:active:generateDebugRFile UP-TO-DATE
> Task :feature:auth:mapDebugSourceSetPaths UP-TO-DATE
> Task :feature:auth:compileDebugLibraryResources UP-TO-DATE
> Task :feature:auth:parseDebugLocalResources UP-TO-DATE
> Task :feature:auth:generateDebugRFile UP-TO-DATE
> Task :feature:coach:mapDebugSourceSetPaths UP-TO-DATE
> Task :feature:coach:compileDebugLibraryResources UP-TO-DATE
> Task :feature:coach:parseDebugLocalResources UP-TO-DATE
> Task :feature:coach:generateDebugRFile UP-TO-DATE
> Task :feature:iday:mapDebugSourceSetPaths UP-TO-DATE
> Task :feature:iday:compileDebugLibraryResources UP-TO-DATE
> Task :feature:iday:parseDebugLocalResources UP-TO-DATE
> Task :feature:iday:generateDebugRFile UP-TO-DATE
> Task :feature:today:mapDebugSourceSetPaths UP-TO-DATE
> Task :feature:today:compileDebugLibraryResources UP-TO-DATE
> Task :feature:today:parseDebugLocalResources UP-TO-DATE
> Task :feature:today:generateDebugRFile UP-TO-DATE
> Task :feature:victory:mapDebugSourceSetPaths UP-TO-DATE
> Task :feature:victory:compileDebugLibraryResources UP-TO-DATE
> Task :feature:victory:parseDebugLocalResources UP-TO-DATE
> Task :feature:victory:generateDebugRFile UP-TO-DATE
> Task :core:common:checkKotlinGradlePluginConfigurationErrors SKIPPED
> Task :core:common:compileDebugKotlin UP-TO-DATE
> Task :core:common:javaPreCompileDebug UP-TO-DATE
> Task :core:common:compileDebugJavaWithJavac NO-SOURCE
> Task :core:common:bundleLibCompileToJarDebug UP-TO-DATE
> Task :core:data:checkKotlinGradlePluginConfigurationErrors SKIPPED
> Task :core:model:checkKotlinGradlePluginConfigurationErrors SKIPPED
> Task :core:model:compileDebugKotlin UP-TO-DATE
> Task :core:model:javaPreCompileDebug UP-TO-DATE
> Task :core:model:compileDebugJavaWithJavac NO-SOURCE
> Task :core:model:bundleLibCompileToJarDebug UP-TO-DATE
> Task :core:network:checkKotlinGradlePluginConfigurationErrors SKIPPED
> Task :core:network:compileDebugKotlin UP-TO-DATE
> Task :core:network:javaPreCompileDebug UP-TO-DATE
> Task :core:network:compileDebugJavaWithJavac NO-SOURCE
> Task :core:network:bundleLibCompileToJarDebug UP-TO-DATE
> Task :core:data:kspDebugKotlin UP-TO-DATE
> Task :core:data:compileDebugKotlin UP-TO-DATE
> Task :core:data:javaPreCompileDebug UP-TO-DATE
> Task :core:data:compileDebugJavaWithJavac NO-SOURCE
> Task :core:data:bundleLibCompileToJarDebug UP-TO-DATE
> Task :core:designsystem:checkKotlinGradlePluginConfigurationErrors SKIPPED
> Task :core:designsystem:compileDebugKotlin UP-TO-DATE
> Task :core:designsystem:javaPreCompileDebug UP-TO-DATE
> Task :core:designsystem:compileDebugJavaWithJavac NO-SOURCE
> Task :core:designsystem:bundleLibCompileToJarDebug UP-TO-DATE
> Task :core:common:bundleLibRuntimeToJarDebug UP-TO-DATE
> Task :core:data:bundleLibRuntimeToJarDebug UP-TO-DATE
> Task :core:designsystem:bundleLibRuntimeToJarDebug UP-TO-DATE
> Task :core:model:bundleLibRuntimeToJarDebug UP-TO-DATE
> Task :core:network:bundleLibRuntimeToJarDebug UP-TO-DATE
> Task :feature:active:checkKotlinGradlePluginConfigurationErrors SKIPPED
> Task :feature:active:kspDebugKotlin UP-TO-DATE
> Task :feature:active:compileDebugKotlin UP-TO-DATE
> Task :feature:active:javaPreCompileDebug UP-TO-DATE
> Task :feature:active:compileDebugJavaWithJavac UP-TO-DATE
> Task :feature:active:transformDebugClassesWithAsm UP-TO-DATE
> Task :feature:active:bundleLibCompileToJarDebug UP-TO-DATE
> Task :feature:auth:checkKotlinGradlePluginConfigurationErrors SKIPPED
> Task :feature:auth:compileDebugKotlin UP-TO-DATE
> Task :feature:auth:javaPreCompileDebug UP-TO-DATE
> Task :feature:auth:compileDebugJavaWithJavac NO-SOURCE
> Task :feature:auth:bundleLibCompileToJarDebug UP-TO-DATE
> Task :feature:coach:checkKotlinGradlePluginConfigurationErrors SKIPPED
> Task :feature:coach:generateDebugBuildConfig UP-TO-DATE
> Task :feature:coach:kspDebugKotlin UP-TO-DATE
> Task :feature:coach:compileDebugKotlin UP-TO-DATE
> Task :feature:coach:javaPreCompileDebug UP-TO-DATE
> Task :feature:coach:compileDebugJavaWithJavac UP-TO-DATE
> Task :feature:coach:transformDebugClassesWithAsm UP-TO-DATE
> Task :feature:coach:bundleLibCompileToJarDebug UP-TO-DATE
> Task :feature:iday:checkKotlinGradlePluginConfigurationErrors SKIPPED
> Task :feature:iday:kspDebugKotlin UP-TO-DATE
> Task :feature:iday:compileDebugKotlin UP-TO-DATE
> Task :feature:iday:javaPreCompileDebug UP-TO-DATE
> Task :feature:iday:compileDebugJavaWithJavac UP-TO-DATE
> Task :feature:iday:transformDebugClassesWithAsm UP-TO-DATE
> Task :feature:iday:bundleLibCompileToJarDebug UP-TO-DATE
> Task :feature:coach:bundleLibRuntimeToJarDebug UP-TO-DATE
> Task :feature:today:checkKotlinGradlePluginConfigurationErrors SKIPPED
> Task :feature:today:kspDebugKotlin UP-TO-DATE
> Task :feature:today:compileDebugKotlin UP-TO-DATE
> Task :feature:today:javaPreCompileDebug UP-TO-DATE
> Task :feature:today:compileDebugJavaWithJavac UP-TO-DATE
> Task :feature:today:transformDebugClassesWithAsm UP-TO-DATE
> Task :feature:today:bundleLibCompileToJarDebug UP-TO-DATE
> Task :feature:victory:checkKotlinGradlePluginConfigurationErrors SKIPPED
> Task :feature:victory:kspDebugKotlin UP-TO-DATE
> Task :feature:victory:compileDebugKotlin UP-TO-DATE
> Task :feature:victory:javaPreCompileDebug UP-TO-DATE
> Task :feature:victory:compileDebugJavaWithJavac UP-TO-DATE
> Task :feature:victory:transformDebugClassesWithAsm UP-TO-DATE
> Task :feature:victory:bundleLibCompileToJarDebug UP-TO-DATE
> Task :app:processDebugManifestForPackage
> Task :app:javaPreCompileDebug
> Task :feature:active:bundleLibRuntimeToJarDebug UP-TO-DATE
> Task :feature:today:bundleLibRuntimeToJarDebug UP-TO-DATE
> Task :feature:iday:bundleLibRuntimeToJarDebug UP-TO-DATE
> Task :feature:victory:bundleLibRuntimeToJarDebug UP-TO-DATE
> Task :feature:auth:bundleLibRuntimeToJarDebug UP-TO-DATE
> Task :app:preDebugUnitTestBuild UP-TO-DATE
> Task :app:javaPreCompileDebugUnitTest
> Task :core:common:processDebugJavaRes UP-TO-DATE
> Task :core:data:processDebugJavaRes UP-TO-DATE
> Task :core:designsystem:processDebugJavaRes UP-TO-DATE
> Task :core:model:processDebugJavaRes UP-TO-DATE
> Task :core:network:processDebugJavaRes UP-TO-DATE
> Task :feature:active:processDebugJavaRes UP-TO-DATE
> Task :feature:auth:processDebugJavaRes UP-TO-DATE
> Task :feature:coach:processDebugJavaRes UP-TO-DATE
> Task :feature:iday:processDebugJavaRes UP-TO-DATE
> Task :feature:today:processDebugJavaRes UP-TO-DATE
> Task :feature:victory:processDebugJavaRes UP-TO-DATE
> Task :app:mergeDebugNativeDebugMetadata NO-SOURCE
> Task :app:generateDebugAssets UP-TO-DATE
> Task :core:common:generateDebugAssets UP-TO-DATE
> Task :core:common:mergeDebugAssets UP-TO-DATE
> Task :core:data:generateDebugAssets UP-TO-DATE
> Task :core:data:mergeDebugAssets UP-TO-DATE
> Task :core:designsystem:generateDebugAssets UP-TO-DATE
> Task :core:designsystem:mergeDebugAssets UP-TO-DATE
> Task :core:model:generateDebugAssets UP-TO-DATE
> Task :core:model:mergeDebugAssets UP-TO-DATE
> Task :core:network:generateDebugAssets UP-TO-DATE
> Task :core:network:mergeDebugAssets UP-TO-DATE
> Task :feature:active:generateDebugAssets UP-TO-DATE
> Task :feature:active:mergeDebugAssets UP-TO-DATE
> Task :feature:auth:generateDebugAssets UP-TO-DATE
> Task :feature:auth:mergeDebugAssets UP-TO-DATE
> Task :feature:coach:generateDebugAssets UP-TO-DATE
> Task :feature:coach:mergeDebugAssets UP-TO-DATE
> Task :feature:iday:generateDebugAssets UP-TO-DATE
> Task :feature:iday:mergeDebugAssets UP-TO-DATE
> Task :feature:today:generateDebugAssets UP-TO-DATE
> Task :feature:today:mergeDebugAssets UP-TO-DATE
> Task :feature:victory:generateDebugAssets UP-TO-DATE
> Task :feature:victory:mergeDebugAssets UP-TO-DATE
> Task :app:mergeDebugAssets
> Task :app:compressDebugAssets
> Task :app:processDebugResources
> Task :app:generateDebugGlobalSynthetics
> Task :app:desugarDebugFileDependencies
> Task :feature:active:bundleLibRuntimeToDirDebug UP-TO-DATE
> Task :feature:today:bundleLibRuntimeToDirDebug UP-TO-DATE
> Task :feature:coach:bundleLibRuntimeToDirDebug UP-TO-DATE
> Task :feature:iday:bundleLibRuntimeToDirDebug UP-TO-DATE
> Task :feature:victory:bundleLibRuntimeToDirDebug UP-TO-DATE
> Task :core:designsystem:bundleLibRuntimeToDirDebug UP-TO-DATE
> Task :app:checkDebugDuplicateClasses
> Task :core:data:bundleLibRuntimeToDirDebug UP-TO-DATE
> Task :core:network:bundleLibRuntimeToDirDebug UP-TO-DATE
> Task :core:common:bundleLibRuntimeToDirDebug UP-TO-DATE
> Task :core:model:bundleLibRuntimeToDirDebug UP-TO-DATE
> Task :feature:auth:bundleLibRuntimeToDirDebug UP-TO-DATE
> Task :app:mergeDebugJniLibFolders
> Task :core:common:mergeDebugJniLibFolders UP-TO-DATE
> Task :core:common:mergeDebugNativeLibs NO-SOURCE
> Task :core:common:copyDebugJniLibsProjectOnly UP-TO-DATE
> Task :core:data:mergeDebugJniLibFolders UP-TO-DATE
> Task :core:data:mergeDebugNativeLibs NO-SOURCE
> Task :core:data:copyDebugJniLibsProjectOnly UP-TO-DATE
> Task :core:designsystem:mergeDebugJniLibFolders UP-TO-DATE
> Task :core:designsystem:mergeDebugNativeLibs NO-SOURCE
> Task :core:designsystem:copyDebugJniLibsProjectOnly UP-TO-DATE
> Task :core:model:mergeDebugJniLibFolders UP-TO-DATE
> Task :core:model:mergeDebugNativeLibs NO-SOURCE
> Task :core:model:copyDebugJniLibsProjectOnly UP-TO-DATE
> Task :core:network:mergeDebugJniLibFolders UP-TO-DATE
> Task :core:network:mergeDebugNativeLibs NO-SOURCE
> Task :core:network:copyDebugJniLibsProjectOnly UP-TO-DATE
> Task :feature:active:mergeDebugJniLibFolders UP-TO-DATE
> Task :feature:active:mergeDebugNativeLibs NO-SOURCE
> Task :feature:active:copyDebugJniLibsProjectOnly UP-TO-DATE
> Task :feature:auth:mergeDebugJniLibFolders UP-TO-DATE
> Task :feature:auth:mergeDebugNativeLibs NO-SOURCE
> Task :feature:auth:copyDebugJniLibsProjectOnly UP-TO-DATE
> Task :feature:coach:mergeDebugJniLibFolders UP-TO-DATE
> Task :feature:coach:mergeDebugNativeLibs NO-SOURCE
> Task :feature:coach:copyDebugJniLibsProjectOnly UP-TO-DATE
> Task :feature:iday:mergeDebugJniLibFolders UP-TO-DATE
> Task :feature:iday:mergeDebugNativeLibs NO-SOURCE
> Task :feature:iday:copyDebugJniLibsProjectOnly UP-TO-DATE
> Task :feature:today:mergeDebugJniLibFolders UP-TO-DATE
> Task :feature:today:mergeDebugNativeLibs NO-SOURCE
> Task :feature:today:copyDebugJniLibsProjectOnly UP-TO-DATE
> Task :feature:victory:mergeDebugJniLibFolders UP-TO-DATE
> Task :feature:victory:mergeDebugNativeLibs NO-SOURCE
> Task :feature:victory:copyDebugJniLibsProjectOnly UP-TO-DATE
> Task :app:validateSigningDebug
> Task :app:writeDebugAppMetadata
> Task :app:mergeDebugNativeLibs
> Task :app:writeDebugSigningConfigVersions

> Task :app:stripDebugDebugSymbols
Unable to strip the following libraries, packaging them as they are: libandroidx.graphics.path.so, libsentry-android.so, libsentry.so. Run with --info option to learn more.

> Task :app:mergeLibDexDebug
> Task :app:kspDebugKotlin
> Task :app:mergeExtDexDebug

> Task :app:compileDebugKotlin
w: file:///Users/snedz/missionwinning/apps/android/app/src/main/java/com/missionwinning/app/feature/auth/AuthViewModel.kt:55:5 This annotation is currently applied to the value parameter only, but in the future it will also be applied to field.
- To opt in to applying to both value parameter and field, add '-Xannotation-default-target=param-property' to your compiler arguments.
- To keep applying to the value parameter only, use the '@param:' annotation target.

See https://youtrack.jetbrains.com/issue/KT-73255 for more details.

> Task :app:compileDebugJavaWithJavac
> Task :app:hiltAggregateDepsDebug UP-TO-DATE
> Task :app:hiltJavaCompileDebug
> Task :app:processDebugJavaRes
> Task :app:bundleDebugClassesToCompileJar
> Task :app:transformDebugClassesWithAsm
> Task :app:bundleDebugClassesToRuntimeJar
> Task :app:kspDebugUnitTestKotlin
> Task :app:dexBuilderDebug
> Task :app:mergeDebugJavaResource
> Task :app:mergeProjectDexDebug
> Task :app:compileDebugUnitTestKotlin
> Task :app:compileDebugUnitTestJavaWithJavac NO-SOURCE
> Task :app:hiltAggregateDepsDebugUnitTest
> Task :app:hiltJavaCompileDebugUnitTest NO-SOURCE
> Task :app:processDebugUnitTestJavaRes
> Task :app:transformDebugUnitTestClassesWithAsm
> Task :app:testDebugUnitTest
> Task :app:packageDebug
> Task :app:createDebugApkListingFileRedirect
> Task :app:assembleDebug

BUILD SUCCESSFUL in 53s
288 actionable tasks: 48 executed, 240 up-to-date
Consider enabling configuration cache to speed up this build: https://docs.gradle.org/9.5.0/userguide/configuration_cache_enabling.html
